# Wiring audit — 2026-09-28T20:00:45.105Z

Database: postgresql://postgres:***@127.0.0.1:54322/postgres

## Findings (5)

- W2 organizations.bht_name — no database function reads this setting; it is read by app/(app)/oppsett/actions.ts, lib/settings/read.ts, components/oppsett/SelskapTab.tsx. Show the effect it has, or it is a setting that does nothing
- R1 public.admin_translation_history — a client may call it and no application file does: a feature without a screen, or a leftover
- R1 public.admin_translation_update — a client may call it and no application file does: a feature without a screen, or a leftover
- R1 public.approve_item_translations — a client may call it and no application file does: a feature without a screen, or a leftover
- R1 public.approve_ui_translation — a client may call it and no application file does: a feature without a screen, or a leftover

## For the record (21)

- W1 employees.duty_role read only by the application: app/(app)/oppsett/actions.ts, lib/report/tail.ts, lib/settings/read.ts, components/oppsett/RosterTable.tsx …
- W1 evaluations.counterpart read only by the application: app/(app)/maleoppsett/actions.ts, app/(app)/rapport/actions.ts, lib/report/evaluation.ts, lib/setup/read.ts …
- W1 extra_questions.org_only read only by the application: lib/instrument/read.ts
- W1 measures.effect_note read only by the application: app/(app)/tiltak/actions.ts, lib/measures/read.ts, lib/report/tail.ts, scripts/seed/demo-org.mjs …
- W1 measures.goal read only by the application: app/(app)/tiltak/actions.ts, app/(app)/tiltak/module-actions.ts, app/(app)/tiltak/page.tsx, app/(marketing)/bruksomrader/page.tsx …
- W1 measures.playbook_key read only by the application: app/(app)/tiltak/actions.ts, lib/measures/read.ts, lib/playbook/registry.ts
- W1 org_attribution.recorded_at read only by the application: lib/admin/api.ts
- W1 organizations.bht_name read only by the application: app/(app)/oppsett/actions.ts, lib/settings/read.ts, components/oppsett/SelskapTab.tsx, scripts/seed/demo-org.mjs …
- W1 organizations.industry_source read only by the application: app/(app)/oppsett/actions.ts, lib/modules/read.ts, lib/settings/read.ts, components/oppsett/SelskapTab.tsx
- W1 organizations.industry_suggested read only by the application: app/(app)/oppsett/actions.ts, lib/modules/read.ts, lib/settings/read.ts, components/oppsett/SelskapTab.tsx
- W1 organizations.law_mode read only by the application: app/(app)/hjelp/[artikkel]/page.tsx, app/(app)/hjelp/page.tsx, app/(app)/oppsett/actions.ts, lib/help/articles.ts …
- W1 organizations.registry_registered_on read only by the application: app/(app)/oppsett/actions.ts, lib/settings/read.ts, components/oppsett/SelskapTab.tsx, scripts/seed/demo-org.mjs …
- W1 organizations.registry_vat read only by the application: app/(app)/oppsett/actions.ts, lib/settings/read.ts, components/oppsett/SelskapTab.tsx, scripts/seed/demo-org.mjs …
- W1 risk_assessments.assessed_on read only by the application: lib/risk/read.ts, scripts/seed/demo-org.mjs, scripts/seed/design-fixture.mjs
- W1 risk_factor_assessments.conclusion read only by the application: app/(app)/rapport/page.tsx, app/(marketing)/registrer/actions.ts, lib/risk/read.ts, components/rapport/RapportScreen.tsx …
- W1 risk_factor_assessments.consequence read only by the application: app/(app)/rapport/page.tsx, lib/risk/read.ts, lib/supabase/middleware.ts, components/oppsett/ThresholdPicker.tsx …
- W1 risk_factor_assessments.probability read only by the application: app/(app)/rapport/page.tsx, lib/risk/read.ts, components/rapport/RapportScreen.tsx, scripts/seed/demo-org.mjs …
- W1 round_consultations.counterpart read only by the application: app/(app)/maleoppsett/actions.ts, app/(app)/rapport/actions.ts, lib/report/evaluation.ts, lib/setup/read.ts …
- W1 setup_progress.completed_at read only by the application: app/(app)/oppsett/wizard-actions.ts, lib/wizard/read.ts
- W1 setup_progress.skipped_at read only by the application: app/(app)/oppsett/wizard-actions.ts, lib/wizard/read.ts
- W1 trainings.next_due read only by the application: app/(app)/rapport/actions.ts, lib/report/tail.ts, components/rapport/RapportScreen.tsx, scripts/seed/demo-org.mjs …
